Analysis & Synthesis report for reg32_avalon_interface
Fri Sep 18 09:56:42 2020
Quartus II 64-Bit Version 13.0.1 Build 232 06/12/2013 Service Pack 1 SJ Web Edition


---------------------
; Table of Contents ;
---------------------
  1. Legal Notice
  2. Analysis & Synthesis Summary
  3. Analysis & Synthesis Settings
  4. Parallel Compilation
  5. Analysis & Synthesis Source Files Read
  6. Analysis & Synthesis Resource Usage Summary
  7. Analysis & Synthesis Resource Utilization by Entity
  8. Registers Removed During Synthesis
  9. Removed Registers Triggering Further Register Optimizations
 10. General Register Statistics
 11. Elapsed Time Per Partition
 12. Analysis & Synthesis Messages



----------------
; Legal Notice ;
----------------
Copyright (C) 1991-2013 Altera Corporation
Your use of Altera Corporation's design tools, logic functions 
and other software and tools, and its AMPP partner logic 
functions, and any output files from any of the foregoing 
(including device programming or simulation files), and any 
associated documentation or information are expressly subject 
to the terms and conditions of the Altera Program License 
Subscription Agreement, Altera MegaCore Function License 
Agreement, or other applicable license agreement, including, 
without limitation, that your use is for the sole purpose of 
programming logic devices manufactured by Altera and sold by 
Altera or its authorized distributors.  Please refer to the 
applicable agreement for further details.



+--------------------------------------------------------------------------------------+
; Analysis & Synthesis Summary                                                         ;
+------------------------------------+-------------------------------------------------+
; Analysis & Synthesis Status        ; Successful - Fri Sep 18 09:56:42 2020           ;
; Quartus II 64-Bit Version          ; 13.0.1 Build 232 06/12/2013 SP 1 SJ Web Edition ;
; Revision Name                      ; reg32_avalon_interface                          ;
; Top-level Entity Name              ; reg32_avalon_interface                          ;
; Family                             ; Cyclone II                                      ;
; Total logic elements               ; 1                                               ;
;     Total combinational functions  ; 1                                               ;
;     Dedicated logic registers      ; 0                                               ;
; Total registers                    ; 0                                               ;
; Total pins                         ; 70                                              ;
; Total virtual pins                 ; 0                                               ;
; Total memory bits                  ; 0                                               ;
; Embedded Multiplier 9-bit elements ; 0                                               ;
; Total PLLs                         ; 0                                               ;
+------------------------------------+-------------------------------------------------+


+------------------------------------------------------------------------------------------------------------------------------+
; Analysis & Synthesis Settings                                                                                                ;
+----------------------------------------------------------------------------+------------------------+------------------------+
; Option                                                                     ; Setting                ; Default Value          ;
+----------------------------------------------------------------------------+------------------------+------------------------+
; Top-level entity name                                                      ; reg32_avalon_interface ; reg32_avalon_interface ;
; Family name                                                                ; Cyclone II             ; Cyclone IV GX          ;
; Use smart compilation                                                      ; Off                    ; Off                    ;
; Enable parallel Assembler and TimeQuest Timing Analyzer during compilation ; On                     ; On                     ;
; Enable compact report table                                                ; Off                    ; Off                    ;
; Restructure Multiplexers                                                   ; Auto                   ; Auto                   ;
; Create Debugging Nodes for IP Cores                                        ; Off                    ; Off                    ;
; Preserve fewer node names                                                  ; On                     ; On                     ;
; Disable OpenCore Plus hardware evaluation                                  ; Off                    ; Off                    ;
; Verilog Version                                                            ; Verilog_2001           ; Verilog_2001           ;
; VHDL Version                                                               ; VHDL_1993              ; VHDL_1993              ;
; State Machine Processing                                                   ; Auto                   ; Auto                   ;
; Safe State Machine                                                         ; Off                    ; Off                    ;
; Extract Verilog State Machines                                             ; On                     ; On                     ;
; Extract VHDL State Machines                                                ; On                     ; On                     ;
; Ignore Verilog initial constructs                                          ; Off                    ; Off                    ;
; Iteration limit for constant Verilog loops                                 ; 5000                   ; 5000                   ;
; Iteration limit for non-constant Verilog loops                             ; 250                    ; 250                    ;
; Add Pass-Through Logic to Inferred RAMs                                    ; On                     ; On                     ;
; Infer RAMs from Raw Logic                                                  ; On                     ; On                     ;
; Parallel Synthesis                                                         ; On                     ; On                     ;
; DSP Block Balancing                                                        ; Auto                   ; Auto                   ;
; NOT Gate Push-Back                                                         ; On                     ; On                     ;
; Power-Up Don't Care                                                        ; On                     ; On                     ;
; Remove Redundant Logic Cells                                               ; Off                    ; Off                    ;
; Remove Duplicate Registers                                                 ; On                     ; On                     ;
; Ignore CARRY Buffers                                                       ; Off                    ; Off                    ;
; Ignore CASCADE Buffers                                                     ; Off                    ; Off                    ;
; Ignore GLOBAL Buffers                                                      ; Off                    ; Off                    ;
; Ignore ROW GLOBAL Buffers                                                  ; Off                    ; Off                    ;
; Ignore LCELL Buffers                                                       ; Off                    ; Off                    ;
; Ignore SOFT Buffers                                                        ; On                     ; On                     ;
; Limit AHDL Integers to 32 Bits                                             ; Off                    ; Off                    ;
; Optimization Technique                                                     ; Balanced               ; Balanced               ;
; Carry Chain Length                                                         ; 70                     ; 70                     ;
; Auto Carry Chains                                                          ; On                     ; On                     ;
; Auto Open-Drain Pins                                                       ; On                     ; On                     ;
; Perform WYSIWYG Primitive Resynthesis                                      ; Off                    ; Off                    ;
; Auto ROM Replacement                                                       ; On                     ; On                     ;
; Auto RAM Replacement                                                       ; On                     ; On                     ;
; Auto Shift Register Replacement                                            ; Auto                   ; Auto                   ;
; Allow Shift Register Merging across Hierarchies                            ; Auto                   ; Auto                   ;
; Auto Clock Enable Replacement                                              ; On                     ; On                     ;
; Strict RAM Replacement                                                     ; Off                    ; Off                    ;
; Allow Synchronous Control Signals                                          ; On                     ; On                     ;
; Force Use of Synchronous Clear Signals                                     ; Off                    ; Off                    ;
; Auto RAM to Logic Cell Conversion                                          ; Off                    ; Off                    ;
; Auto Resource Sharing                                                      ; Off                    ; Off                    ;
; Allow Any RAM Size For Recognition                                         ; Off                    ; Off                    ;
; Allow Any ROM Size For Recognition                                         ; Off                    ; Off                    ;
; Allow Any Shift Register Size For Recognition                              ; Off                    ; Off                    ;
; Use LogicLock Constraints during Resource Balancing                        ; On                     ; On                     ;
; Ignore translate_off and synthesis_off directives                          ; Off                    ; Off                    ;
; Timing-Driven Synthesis                                                    ; Off                    ; Off                    ;
; Report Parameter Settings                                                  ; On                     ; On                     ;
; Report Source Assignments                                                  ; On                     ; On                     ;
; Report Connectivity Checks                                                 ; On                     ; On                     ;
; Ignore Maximum Fan-Out Assignments                                         ; Off                    ; Off                    ;
; Synchronization Register Chain Length                                      ; 2                      ; 2                      ;
; PowerPlay Power Optimization                                               ; Normal compilation     ; Normal compilation     ;
; HDL message level                                                          ; Level2                 ; Level2                 ;
; Suppress Register Optimization Related Messages                            ; Off                    ; Off                    ;
; Number of Removed Registers Reported in Synthesis Report                   ; 5000                   ; 5000                   ;
; Number of Swept Nodes Reported in Synthesis Report                         ; 5000                   ; 5000                   ;
; Number of Inverted Registers Reported in Synthesis Report                  ; 100                    ; 100                    ;
; Clock MUX Protection                                                       ; On                     ; On                     ;
; Auto Gated Clock Conversion                                                ; Off                    ; Off                    ;
; Block Design Naming                                                        ; Auto                   ; Auto                   ;
; SDC constraint protection                                                  ; Off                    ; Off                    ;
; Synthesis Effort                                                           ; Auto                   ; Auto                   ;
; Shift Register Replacement - Allow Asynchronous Clear Signal               ; On                     ; On                     ;
; Pre-Mapping Resynthesis Optimization                                       ; Off                    ; Off                    ;
; Analysis & Synthesis Message Level                                         ; Medium                 ; Medium                 ;
; Disable Register Merging Across Hierarchies                                ; Auto                   ; Auto                   ;
; Resource Aware Inference For Block RAM                                     ; On                     ; On                     ;
; Synthesis Seed                                                             ; 1                      ; 1                      ;
+----------------------------------------------------------------------------+------------------------+------------------------+


+------------------------------------------+
; Parallel Compilation                     ;
+----------------------------+-------------+
; Processors                 ; Number      ;
+----------------------------+-------------+
; Number detected on machine ; 4           ;
; Maximum allowed            ; 2           ;
;                            ;             ;
; Average used               ; 1.00        ;
; Maximum used               ; 1           ;
;                            ;             ;
; Usage by Processor         ; % Time Used ;
;     Processor 1            ; 100.0%      ;
;     Processors 2-4         ;   0.0%      ;
+----------------------------+-------------+


+---------------------------------------------------------------------------------------------------------------------------------------------+
; Analysis & Synthesis Source Files Read                                                                                                      ;
+----------------------------------+-----------------+-----------------+------------------------------------------------------------+---------+
; File Name with User-Entered Path ; Used in Netlist ; File Type       ; File Name with Absolute Path                               ; Library ;
+----------------------------------+-----------------+-----------------+------------------------------------------------------------+---------+
; reg32_avalon_interface.vhd       ; yes             ; User VHDL File  ; D:/exemplo_VHDL/SimpleNiosII/hw/reg32_avalon_interface.vhd ;         ;
; reg32.vhd                        ; yes             ; User VHDL File  ; D:/exemplo_VHDL/SimpleNiosII/hw/reg32.vhd                  ;         ;
; contador8bit.vhd                 ; yes             ; User VHDL File  ; D:/exemplo_VHDL/SimpleNiosII/hw/contador8bit.vhd           ;         ;
; contador1.vhd                    ; yes             ; User VHDL File  ; D:/exemplo_VHDL/SimpleNiosII/hw/contador1.vhd              ;         ;
; contador0.vhd                    ; yes             ; User VHDL File  ; D:/exemplo_VHDL/SimpleNiosII/hw/contador0.vhd              ;         ;
+----------------------------------+-----------------+-----------------+------------------------------------------------------------+---------+


+--------------------------------------------------------------+
; Analysis & Synthesis Resource Usage Summary                  ;
+---------------------------------------------+----------------+
; Resource                                    ; Usage          ;
+---------------------------------------------+----------------+
; Estimated Total logic elements              ; 1              ;
;                                             ;                ;
; Total combinational functions               ; 1              ;
; Logic element usage by number of LUT inputs ;                ;
;     -- 4 input functions                    ; 0              ;
;     -- 3 input functions                    ; 0              ;
;     -- <=2 input functions                  ; 1              ;
;                                             ;                ;
; Logic elements by mode                      ;                ;
;     -- normal mode                          ; 1              ;
;     -- arithmetic mode                      ; 0              ;
;                                             ;                ;
; Total registers                             ; 0              ;
;     -- Dedicated logic registers            ; 0              ;
;     -- I/O registers                        ; 0              ;
;                                             ;                ;
; I/O pins                                    ; 70             ;
; Embedded Multiplier 9-bit elements          ; 0              ;
; Maximum fan-out node                        ; read_enable1~0 ;
; Maximum fan-out                             ; 32             ;
; Total fan-out                               ; 34             ;
; Average fan-out                             ; 0.48           ;
+---------------------------------------------+----------------+


+---------------------------------------------------------------------------------------------------------------------------------------------------------------------------------+
; Analysis & Synthesis Resource Utilization by Entity                                                                                                                             ;
+----------------------------+-------------------+--------------+-------------+--------------+---------+-----------+------+--------------+-------------------------+--------------+
; Compilation Hierarchy Node ; LC Combinationals ; LC Registers ; Memory Bits ; DSP Elements ; DSP 9x9 ; DSP 18x18 ; Pins ; Virtual Pins ; Full Hierarchy Name     ; Library Name ;
+----------------------------+-------------------+--------------+-------------+--------------+---------+-----------+------+--------------+-------------------------+--------------+
; |reg32_avalon_interface    ; 1 (1)             ; 0 (0)        ; 0           ; 0            ; 0       ; 0         ; 70   ; 0            ; |reg32_avalon_interface ; work         ;
+----------------------------+-------------------+--------------+-------------+--------------+---------+-----------+------+--------------+-------------------------+--------------+
Note: For table entries with two numbers listed, the numbers in parentheses indicate the number of resources of the given type used by the specific entity alone. The numbers listed outside of parentheses indicate the total resources of the given type used by the specific entity and all of its sub-entities in the hierarchy.


+--------------------------------------------------------------------------------------+
; Registers Removed During Synthesis                                                   ;
+----------------------------------------+---------------------------------------------+
; Register name                          ; Reason for Removal                          ;
+----------------------------------------+---------------------------------------------+
; reg32:reg32_def1|Q[0..31]              ; Stuck at GND due to stuck port data_in      ;
; reg32:reg32_def0|Q[0..31]              ; Stuck at GND due to stuck port data_in      ;
; contador8bit:cont8bit_def|LOAD[0..7]   ; Stuck at GND due to stuck port clock_enable ;
; Total Number of Removed Registers = 72 ;                                             ;
+----------------------------------------+---------------------------------------------+


+---------------------------------------------------------------------------------------------+
; Removed Registers Triggering Further Register Optimizations                                 ;
+------------------------+---------------------------+----------------------------------------+
; Register name          ; Reason for Removal        ; Registers Removed due to This Register ;
+------------------------+---------------------------+----------------------------------------+
; reg32:reg32_def0|Q[15] ; Stuck at GND              ; contador8bit:cont8bit_def|LOAD[7]      ;
;                        ; due to stuck port data_in ;                                        ;
; reg32:reg32_def0|Q[14] ; Stuck at GND              ; contador8bit:cont8bit_def|LOAD[6]      ;
;                        ; due to stuck port data_in ;                                        ;
; reg32:reg32_def0|Q[13] ; Stuck at GND              ; contador8bit:cont8bit_def|LOAD[5]      ;
;                        ; due to stuck port data_in ;                                        ;
; reg32:reg32_def0|Q[12] ; Stuck at GND              ; contador8bit:cont8bit_def|LOAD[4]      ;
;                        ; due to stuck port data_in ;                                        ;
; reg32:reg32_def0|Q[11] ; Stuck at GND              ; contador8bit:cont8bit_def|LOAD[3]      ;
;                        ; due to stuck port data_in ;                                        ;
; reg32:reg32_def0|Q[10] ; Stuck at GND              ; contador8bit:cont8bit_def|LOAD[2]      ;
;                        ; due to stuck port data_in ;                                        ;
; reg32:reg32_def0|Q[9]  ; Stuck at GND              ; contador8bit:cont8bit_def|LOAD[1]      ;
;                        ; due to stuck port data_in ;                                        ;
; reg32:reg32_def0|Q[8]  ; Stuck at GND              ; contador8bit:cont8bit_def|LOAD[0]      ;
;                        ; due to stuck port data_in ;                                        ;
+------------------------+---------------------------+----------------------------------------+


+------------------------------------------------------+
; General Register Statistics                          ;
+----------------------------------------------+-------+
; Statistic                                    ; Value ;
+----------------------------------------------+-------+
; Total registers                              ; 0     ;
; Number of registers using Synchronous Clear  ; 0     ;
; Number of registers using Synchronous Load   ; 0     ;
; Number of registers using Asynchronous Clear ; 0     ;
; Number of registers using Asynchronous Load  ; 0     ;
; Number of registers using Clock Enable       ; 0     ;
; Number of registers using Preset             ; 0     ;
+----------------------------------------------+-------+


+-------------------------------+
; Elapsed Time Per Partition    ;
+----------------+--------------+
; Partition Name ; Elapsed Time ;
+----------------+--------------+
; Top            ; 00:00:00     ;
+----------------+--------------+


+-------------------------------+
; Analysis & Synthesis Messages ;
+-------------------------------+
Info: *******************************************************************
Info: Running Quartus II 64-Bit Analysis & Synthesis
    Info: Version 13.0.1 Build 232 06/12/2013 Service Pack 1 SJ Web Edition
    Info: Processing started: Fri Sep 18 09:56:40 2020
Info: Command: quartus_map --read_settings_files=on --write_settings_files=off reg32_avalon_interface -c reg32_avalon_interface
Info (11104): Parallel Compilation has detected 4 hyper-threaded processors. However, the extra hyper-threaded processors will not be used by default. Parallel Compilation will use 2 of the 2 physical processors detected instead.
Info (12021): Found 2 design units, including 1 entities, in source file reg32_avalon_interface.vhd
    Info (12022): Found design unit 1: reg32_avalon_interface-Structure
    Info (12023): Found entity 1: reg32_avalon_interface
Info (12021): Found 2 design units, including 1 entities, in source file reg32.vhd
    Info (12022): Found design unit 1: reg32-Behavior
    Info (12023): Found entity 1: reg32
Info (12021): Found 2 design units, including 1 entities, in source file contador8bit.vhd
    Info (12022): Found design unit 1: contador8bit-contador
    Info (12023): Found entity 1: contador8bit
Info (12021): Found 2 design units, including 1 entities, in source file contador1.vhd
    Info (12022): Found design unit 1: contador1-cont1
    Info (12023): Found entity 1: contador1
Info (12021): Found 2 design units, including 1 entities, in source file contador0.vhd
    Info (12022): Found design unit 1: contador0-cont0
    Info (12023): Found entity 1: contador0
Info (12127): Elaborating entity "reg32_avalon_interface" for the top level hierarchy
Warning (10541): VHDL Signal Declaration warning at reg32_avalon_interface.vhd(33): used implicit default value for signal "writedata_internal" because signal was never assigned a value or an explicit default value. Use of implicit default value may introduce unintended design optimizations.
Info (12128): Elaborating entity "reg32" for hierarchy "reg32:reg32_def0"
Info (12128): Elaborating entity "contador8bit" for hierarchy "contador8bit:cont8bit_def"
Info (12128): Elaborating entity "contador0" for hierarchy "contador8bit:cont8bit_def|contador0:cont0"
Info (12128): Elaborating entity "contador1" for hierarchy "contador8bit:cont8bit_def|contador1:cont1"
Info (16010): Generating hard_block partition "hard_block:auto_generated_inst"
    Info (16011): Adding 0 node(s), including 0 DDIO, 0 PLL, 0 transceiver and 0 LCELL
Warning (21074): Design contains 36 input pin(s) that do not drive logic
    Warning (15610): No output dependent on input pin "clock"
    Warning (15610): No output dependent on input pin "resetn"
    Warning (15610): No output dependent on input pin "writedata[0]"
    Warning (15610): No output dependent on input pin "writedata[1]"
    Warning (15610): No output dependent on input pin "writedata[2]"
    Warning (15610): No output dependent on input pin "writedata[3]"
    Warning (15610): No output dependent on input pin "writedata[4]"
    Warning (15610): No output dependent on input pin "writedata[5]"
    Warning (15610): No output dependent on input pin "writedata[6]"
    Warning (15610): No output dependent on input pin "writedata[7]"
    Warning (15610): No output dependent on input pin "writedata[8]"
    Warning (15610): No output dependent on input pin "writedata[9]"
    Warning (15610): No output dependent on input pin "writedata[10]"
    Warning (15610): No output dependent on input pin "writedata[11]"
    Warning (15610): No output dependent on input pin "writedata[12]"
    Warning (15610): No output dependent on input pin "writedata[13]"
    Warning (15610): No output dependent on input pin "writedata[14]"
    Warning (15610): No output dependent on input pin "writedata[15]"
    Warning (15610): No output dependent on input pin "writedata[16]"
    Warning (15610): No output dependent on input pin "writedata[17]"
    Warning (15610): No output dependent on input pin "writedata[18]"
    Warning (15610): No output dependent on input pin "writedata[19]"
    Warning (15610): No output dependent on input pin "writedata[20]"
    Warning (15610): No output dependent on input pin "writedata[21]"
    Warning (15610): No output dependent on input pin "writedata[22]"
    Warning (15610): No output dependent on input pin "writedata[23]"
    Warning (15610): No output dependent on input pin "writedata[24]"
    Warning (15610): No output dependent on input pin "writedata[25]"
    Warning (15610): No output dependent on input pin "writedata[26]"
    Warning (15610): No output dependent on input pin "writedata[27]"
    Warning (15610): No output dependent on input pin "writedata[28]"
    Warning (15610): No output dependent on input pin "writedata[29]"
    Warning (15610): No output dependent on input pin "writedata[30]"
    Warning (15610): No output dependent on input pin "writedata[31]"
    Warning (15610): No output dependent on input pin "write"
    Warning (15610): No output dependent on input pin "add"
Info (21057): Implemented 71 device resources after synthesis - the final resource count might be different
    Info (21058): Implemented 38 input pins
    Info (21059): Implemented 32 output pins
    Info (21061): Implemented 1 logic cells
Info: Quartus II 64-Bit Analysis & Synthesis was successful. 0 errors, 38 warnings
    Info: Peak virtual memory: 4640 megabytes
    Info: Processing ended: Fri Sep 18 09:56:42 2020
    Info: Elapsed time: 00:00:02
    Info: Total CPU time (on all processors): 00:00:01


