Archive member included because of file (symbol)

c:/altera/13.0sp1/nios2eds/bin/gnu/h-i686-mingw32/bin/../lib/gcc/nios2-elf/4.1.2/../../../../nios2-elf/lib/mno-hw-mul\libsmallc.a(lib_a-puts.o)
                              obj/default/hello_world.o (puts)
c:/altera/13.0sp1/nios2eds/bin/gnu/h-i686-mingw32/bin/../lib/gcc/nios2-elf/4.1.2/../../../../nios2-elf/lib/mno-hw-mul\libsmallc.a(lib_a-strlen.o)
                              c:/altera/13.0sp1/nios2eds/bin/gnu/h-i686-mingw32/bin/../lib/gcc/nios2-elf/4.1.2/../../../../nios2-elf/lib/mno-hw-mul\libsmallc.a(lib_a-puts.o) (strlen)
c:/altera/13.0sp1/nios2eds/bin/gnu/h-i686-mingw32/bin/../lib/gcc/nios2-elf/4.1.2/../../../../nios2-elf/lib/mno-hw-mul\libsmallc.a(lib_a-fvwrite_small_dev.o)
                              c:/altera/13.0sp1/nios2eds/bin/gnu/h-i686-mingw32/bin/../lib/gcc/nios2-elf/4.1.2/../../../../nios2-elf/lib/mno-hw-mul\libsmallc.a(lib_a-puts.o) (__sfvwrite_small_dev)
c:/altera/13.0sp1/nios2eds/bin/gnu/h-i686-mingw32/bin/../lib/gcc/nios2-elf/4.1.2/../../../../nios2-elf/lib/mno-hw-mul\libsmallc.a(lib_a-impure.o)
                              c:/altera/13.0sp1/nios2eds/bin/gnu/h-i686-mingw32/bin/../lib/gcc/nios2-elf/4.1.2/../../../../nios2-elf/lib/mno-hw-mul\libsmallc.a(lib_a-puts.o) (_impure_ptr)
c:/altera/13.0sp1/nios2eds/bin/gnu/h-i686-mingw32/bin/../lib/gcc/nios2-elf/4.1.2/../../../../nios2-elf/lib/mno-hw-mul\libsmallc.a(lib_a-writer.o)
                              c:/altera/13.0sp1/nios2eds/bin/gnu/h-i686-mingw32/bin/../lib/gcc/nios2-elf/4.1.2/../../../../nios2-elf/lib/mno-hw-mul\libsmallc.a(lib_a-fvwrite_small_dev.o) (_write_r)
c:/altera/13.0sp1/nios2eds/bin/gnu/h-i686-mingw32/bin/../lib/gcc/nios2-elf/4.1.2/../../../../nios2-elf/lib/mno-hw-mul\libsmallc.a(lib_a-int_errno.o)
                              c:/altera/13.0sp1/nios2eds/bin/gnu/h-i686-mingw32/bin/../lib/gcc/nios2-elf/4.1.2/../../../../nios2-elf/lib/mno-hw-mul\libsmallc.a(lib_a-writer.o) (errno)
../app_NOVO1_bsp/\libhal_bsp.a(alt_main.o)
                              ../app_NOVO1_bsp//obj/HAL/src/crt0.o (alt_main)
../app_NOVO1_bsp/\libhal_bsp.a(alt_write.o)
                              c:/altera/13.0sp1/nios2eds/bin/gnu/h-i686-mingw32/bin/../lib/gcc/nios2-elf/4.1.2/../../../../nios2-elf/lib/mno-hw-mul\libsmallc.a(lib_a-writer.o) (write)
../app_NOVO1_bsp/\libhal_bsp.a(alt_sys_init.o)
                              ../app_NOVO1_bsp/\libhal_bsp.a(alt_main.o) (alt_irq_init)
../app_NOVO1_bsp/\libhal_bsp.a(alt_dev.o)
                              ../app_NOVO1_bsp/\libhal_bsp.a(alt_write.o) (alt_fd_list)
../app_NOVO1_bsp/\libhal_bsp.a(alt_errno.o)
                              ../app_NOVO1_bsp/\libhal_bsp.a(alt_write.o) (alt_errno)
../app_NOVO1_bsp/\libhal_bsp.a(altera_nios2_qsys_irq.o)
                              ../app_NOVO1_bsp/\libhal_bsp.a(alt_sys_init.o) (altera_nios2_qsys_irq_init)
c:/altera/13.0sp1/nios2eds/bin/gnu/h-i686-mingw32/bin/../lib/gcc/nios2-elf/4.1.2/mno-hw-mul\libgcc.a(lib2-mul.o)
                              ../app_NOVO1_bsp/\libhal_bsp.a(alt_write.o) (__mulsi3)

Allocating common symbols
Common symbol       size              file

errno               0x4               c:/altera/13.0sp1/nios2eds/bin/gnu/h-i686-mingw32/bin/../lib/gcc/nios2-elf/4.1.2/../../../../nios2-elf/lib/mno-hw-mul\libsmallc.a(lib_a-int_errno.o)

Memory Configuration

Name             Origin             Length             Attributes
reset            0x00002000         0x00000020
memory           0x00002020         0x00001fe0
*default*        0x00000000         0xffffffff

Linker script and memory map

LOAD ../app_NOVO1_bsp//obj/HAL/src/crt0.o
                0x00002000                exit = _exit
LOAD obj/default/hello_world.o
LOAD c:/altera/13.0sp1/nios2eds/bin/gnu/h-i686-mingw32/bin/../lib/gcc/nios2-elf/4.1.2/../../../../nios2-elf/lib/mno-hw-mul\libstdc++.a
LOAD c:/altera/13.0sp1/nios2eds/bin/gnu/h-i686-mingw32/bin/../lib/gcc/nios2-elf/4.1.2/../../../../nios2-elf/lib/mno-hw-mul\libm.a
LOAD c:/altera/13.0sp1/nios2eds/bin/gnu/h-i686-mingw32/bin/../lib/gcc/nios2-elf/4.1.2/mno-hw-mul\libgcc.a
START GROUP
LOAD c:/altera/13.0sp1/nios2eds/bin/gnu/h-i686-mingw32/bin/../lib/gcc/nios2-elf/4.1.2/../../../../nios2-elf/lib/mno-hw-mul\libsmallc.a
LOAD c:/altera/13.0sp1/nios2eds/bin/gnu/h-i686-mingw32/bin/../lib/gcc/nios2-elf/4.1.2/mno-hw-mul\libgcc.a
LOAD ../app_NOVO1_bsp/\libhal_bsp.a
END GROUP
LOAD c:/altera/13.0sp1/nios2eds/bin/gnu/h-i686-mingw32/bin/../lib/gcc/nios2-elf/4.1.2/mno-hw-mul\libgcc.a
                0x00002000                __alt_mem_memory = 0x2000

.entry          0x00002000        0x0
 *(.entry)
 .entry         0x00002000        0x0 ../app_NOVO1_bsp//obj/HAL/src/crt0.o
                0x00002000                _exit
                0x00002000                __reset

.exceptions     0x00002020        0x0
                0x00002020                PROVIDE (__ram_exceptions_start, ABSOLUTE (.))
                0x00002020                . = ALIGN (0x20)
 *(.irq)
 *(.exceptions.entry.label)
 *(.exceptions.entry.user)
 *(.exceptions.entry)
 *(.exceptions.irqtest.user)
 *(.exceptions.irqtest)
 *(.exceptions.irqhandler.user)
 *(.exceptions.irqhandler)
 *(.exceptions.irqreturn.user)
 *(.exceptions.irqreturn)
 *(.exceptions.notirq.label)
 *(.exceptions.notirq.user)
 *(.exceptions.notirq)
 *(.exceptions.soft.user)
 *(.exceptions.soft)
 *(.exceptions.unknown.user)
 *(.exceptions.unknown)
 *(.exceptions.exit.label)
 *(.exceptions.exit.user)
 *(.exceptions.exit)
 *(.exceptions)
                0x00002020                PROVIDE (__ram_exceptions_end, ABSOLUTE (.))
                0x00002020                PROVIDE (__flash_exceptions_start, LOADADDR (.exceptions))

.text           0x00002020      0x4fc
                0x00002020                PROVIDE (stext, ABSOLUTE (.))
 *(.interp)
 *(.hash)
 *(.dynsym)
 *(.dynstr)
 *(.gnu.version)
 *(.gnu.version_d)
 *(.gnu.version_r)
 *(.rel.init)
 *(.rela.init)
 *(.rel.text .rel.text.* .rel.gnu.linkonce.t.*)
 *(.rela.text .rela.text.* .rela.gnu.linkonce.t.*)
 *(.rel.fini)
 *(.rela.fini)
 *(.rel.rodata .rel.rodata.* .rel.gnu.linkonce.r.*)
 *(.rela.rodata .rela.rodata.* .rela.gnu.linkonce.r.*)
 *(.rel.data .rel.data.* .rel.gnu.linkonce.d.*)
 *(.rela.data .rela.data.* .rela.gnu.linkonce.d.*)
 *(.rel.tdata .rel.tdata.* .rel.gnu.linkonce.td.*)
 *(.rela.tdata .rela.tdata.* .rela.gnu.linkonce.td.*)
 *(.rel.tbss .rel.tbss.* .rel.gnu.linkonce.tb.*)
 *(.rela.tbss .rela.tbss.* .rela.gnu.linkonce.tb.*)
 *(.rel.ctors)
 *(.rela.ctors)
 *(.rel.dtors)
 *(.rela.dtors)
 *(.rel.got)
 *(.rela.got)
 *(.rel.sdata .rel.sdata.* .rel.gnu.linkonce.s.*)
 *(.rela.sdata .rela.sdata.* .rela.gnu.linkonce.s.*)
 *(.rel.sbss .rel.sbss.* .rel.gnu.linkonce.sb.*)
 *(.rela.sbss .rela.sbss.* .rela.gnu.linkonce.sb.*)
 *(.rel.sdata2 .rel.sdata2.* .rel.gnu.linkonce.s2.*)
 *(.rela.sdata2 .rela.sdata2.* .rela.gnu.linkonce.s2.*)
 *(.rel.sbss2 .rel.sbss2.* .rel.gnu.linkonce.sb2.*)
 *(.rela.sbss2 .rela.sbss2.* .rela.gnu.linkonce.sb2.*)
 *(.rel.bss .rel.bss.* .rel.gnu.linkonce.b.*)
 *(.rela.bss .rela.bss.* .rela.gnu.linkonce.b.*)
 *(.rel.plt)
 *(.rela.plt)
 *(.rel.dyn)
 *(.init)
 *(.plt)
 *(.text .stub .text.* .gnu.linkonce.t.*)
 .text          0x00002020       0x38 ../app_NOVO1_bsp//obj/HAL/src/crt0.o
                0x00002020                _start
 .text          0x00002058       0x34 obj/default/hello_world.o
                0x00002058                main
 .text          0x0000208c       0xa4 c:/altera/13.0sp1/nios2eds/bin/gnu/h-i686-mingw32/bin/../lib/gcc/nios2-elf/4.1.2/../../../../nios2-elf/lib/mno-hw-mul\libsmallc.a(lib_a-puts.o)
                0x0000208c                _puts_r
                0x0000211c                puts
 .text          0x00002130       0x20 c:/altera/13.0sp1/nios2eds/bin/gnu/h-i686-mingw32/bin/../lib/gcc/nios2-elf/4.1.2/../../../../nios2-elf/lib/mno-hw-mul\libsmallc.a(lib_a-strlen.o)
                0x00002130                strlen
 .text          0x00002150       0xbc c:/altera/13.0sp1/nios2eds/bin/gnu/h-i686-mingw32/bin/../lib/gcc/nios2-elf/4.1.2/../../../../nios2-elf/lib/mno-hw-mul\libsmallc.a(lib_a-fvwrite_small_dev.o)
                0x00002150                __sfvwrite_small_dev
 .text          0x0000220c        0x0 c:/altera/13.0sp1/nios2eds/bin/gnu/h-i686-mingw32/bin/../lib/gcc/nios2-elf/4.1.2/../../../../nios2-elf/lib/mno-hw-mul\libsmallc.a(lib_a-impure.o)
 .text          0x0000220c       0x78 c:/altera/13.0sp1/nios2eds/bin/gnu/h-i686-mingw32/bin/../lib/gcc/nios2-elf/4.1.2/../../../../nios2-elf/lib/mno-hw-mul\libsmallc.a(lib_a-writer.o)
                0x0000220c                _write_r
 .text          0x00002284        0x0 c:/altera/13.0sp1/nios2eds/bin/gnu/h-i686-mingw32/bin/../lib/gcc/nios2-elf/4.1.2/../../../../nios2-elf/lib/mno-hw-mul\libsmallc.a(lib_a-int_errno.o)
 .text          0x00002284       0x40 ../app_NOVO1_bsp/\libhal_bsp.a(alt_main.o)
                0x00002284                alt_main
 .text          0x000022c4      0x184 ../app_NOVO1_bsp/\libhal_bsp.a(alt_write.o)
                0x000022c4                write
 .text          0x00002448       0x50 ../app_NOVO1_bsp/\libhal_bsp.a(alt_sys_init.o)
                0x00002448                alt_irq_init
                0x0000247c                alt_sys_init
 .text          0x00002498       0x2c ../app_NOVO1_bsp/\libhal_bsp.a(alt_dev.o)
 .text          0x000024c4        0x0 ../app_NOVO1_bsp/\libhal_bsp.a(alt_errno.o)
 .text          0x000024c4       0x20 ../app_NOVO1_bsp/\libhal_bsp.a(altera_nios2_qsys_irq.o)
                0x000024c4                altera_nios2_qsys_irq_init
 .text          0x000024e4       0x38 c:/altera/13.0sp1/nios2eds/bin/gnu/h-i686-mingw32/bin/../lib/gcc/nios2-elf/4.1.2/mno-hw-mul\libgcc.a(lib2-mul.o)
                0x000024e4                __mulsi3
 *(.gnu.warning.*)
 *(.fini)
                0x0000251c                PROVIDE (__etext, ABSOLUTE (.))
                0x0000251c                PROVIDE (_etext, ABSOLUTE (.))
                0x0000251c                PROVIDE (etext, ABSOLUTE (.))
 *(.eh_frame_hdr)
                0x0000251c                . = ALIGN (0x4)
                0x0000251c                PROVIDE (__preinit_array_start, ABSOLUTE (.))
 *(.preinit_array)
                0x0000251c                PROVIDE (__preinit_array_end, ABSOLUTE (.))
                0x0000251c                PROVIDE (__init_array_start, ABSOLUTE (.))
 *(.init_array)
                0x0000251c                PROVIDE (__init_array_end, ABSOLUTE (.))
                0x0000251c                PROVIDE (__fini_array_start, ABSOLUTE (.))
 *(.fini_array)
                0x0000251c                PROVIDE (__fini_array_end, ABSOLUTE (.))
 *(.eh_frame)
 *(.gcc_except_table)
 *(.dynamic)
                0x0000251c                PROVIDE (__CTOR_LIST__, ABSOLUTE (.))
 *(.ctors)
 *(SORT(.ctors.*))
                0x0000251c                PROVIDE (__CTOR_END__, ABSOLUTE (.))
                0x0000251c                PROVIDE (__DTOR_LIST__, ABSOLUTE (.))
 *(.dtors)
 *(SORT(.dtors.*))
                0x0000251c                PROVIDE (__DTOR_END__, ABSOLUTE (.))
 *(.jcr)
                0x0000251c                . = ALIGN (0x4)

.rodata         0x0000251c       0x24
                0x0000251c                PROVIDE (__ram_rodata_start, ABSOLUTE (.))
                0x0000251c                . = ALIGN (0x4)
 *(.rodata .rodata.* .gnu.linkonce.r.*)
 .rodata        0x0000251c       0x14 obj/default/hello_world.o
 .rodata.str1.4
                0x00002530        0x4 c:/altera/13.0sp1/nios2eds/bin/gnu/h-i686-mingw32/bin/../lib/gcc/nios2-elf/4.1.2/../../../../nios2-elf/lib/mno-hw-mul\libsmallc.a(lib_a-puts.o)
 .rodata        0x00002534        0xc ../app_NOVO1_bsp/\libhal_bsp.a(alt_dev.o)
 *(.rodata1)
                0x00002540                . = ALIGN (0x4)
                0x00002540                PROVIDE (__ram_rodata_end, ABSOLUTE (.))
                0x0000251c                PROVIDE (__flash_rodata_start, LOADADDR (.rodata))

.rwdata         0x00002540      0x2a8
                0x00002540                PROVIDE (__ram_rwdata_start, ABSOLUTE (.))
                0x00002540                . = ALIGN (0x4)
 *(.got.plt)
 *(.got)
 *(.data1)
 *(.data .data.* .gnu.linkonce.d.*)
 .data          0x00002540        0x0 ../app_NOVO1_bsp//obj/HAL/src/crt0.o
 .data          0x00002540        0x0 obj/default/hello_world.o
 .data          0x00002540        0x0 c:/altera/13.0sp1/nios2eds/bin/gnu/h-i686-mingw32/bin/../lib/gcc/nios2-elf/4.1.2/../../../../nios2-elf/lib/mno-hw-mul\libsmallc.a(lib_a-puts.o)
 .data          0x00002540        0x0 c:/altera/13.0sp1/nios2eds/bin/gnu/h-i686-mingw32/bin/../lib/gcc/nios2-elf/4.1.2/../../../../nios2-elf/lib/mno-hw-mul\libsmallc.a(lib_a-strlen.o)
 .data          0x00002540        0x0 c:/altera/13.0sp1/nios2eds/bin/gnu/h-i686-mingw32/bin/../lib/gcc/nios2-elf/4.1.2/../../../../nios2-elf/lib/mno-hw-mul\libsmallc.a(lib_a-fvwrite_small_dev.o)
 .data          0x00002540       0xe0 c:/altera/13.0sp1/nios2eds/bin/gnu/h-i686-mingw32/bin/../lib/gcc/nios2-elf/4.1.2/../../../../nios2-elf/lib/mno-hw-mul\libsmallc.a(lib_a-impure.o)
 .data          0x00002620        0x0 c:/altera/13.0sp1/nios2eds/bin/gnu/h-i686-mingw32/bin/../lib/gcc/nios2-elf/4.1.2/../../../../nios2-elf/lib/mno-hw-mul\libsmallc.a(lib_a-writer.o)
 .data          0x00002620        0x0 c:/altera/13.0sp1/nios2eds/bin/gnu/h-i686-mingw32/bin/../lib/gcc/nios2-elf/4.1.2/../../../../nios2-elf/lib/mno-hw-mul\libsmallc.a(lib_a-int_errno.o)
 .data          0x00002620        0x0 ../app_NOVO1_bsp/\libhal_bsp.a(alt_main.o)
 .data          0x00002620        0x0 ../app_NOVO1_bsp/\libhal_bsp.a(alt_write.o)
 .data          0x00002620        0x0 ../app_NOVO1_bsp/\libhal_bsp.a(alt_sys_init.o)
 .data          0x00002620      0x1a8 ../app_NOVO1_bsp/\libhal_bsp.a(alt_dev.o)
                0x00002620                alt_dev_null
                0x00002648                alt_fd_list
 .data          0x000027c8        0x0 ../app_NOVO1_bsp/\libhal_bsp.a(alt_errno.o)
 .data          0x000027c8        0x0 ../app_NOVO1_bsp/\libhal_bsp.a(altera_nios2_qsys_irq.o)
 .data          0x000027c8        0x0 c:/altera/13.0sp1/nios2eds/bin/gnu/h-i686-mingw32/bin/../lib/gcc/nios2-elf/4.1.2/mno-hw-mul\libgcc.a(lib2-mul.o)
                0x0000a7c8                _gp = ABSOLUTE ((. + 0x8000))
                0x0000a7c8                PROVIDE (gp, _gp)
 *(.rwdata .rwdata.*)
 *(.sdata .sdata.* .gnu.linkonce.s.*)
 .sdata         0x000027c8        0x8 c:/altera/13.0sp1/nios2eds/bin/gnu/h-i686-mingw32/bin/../lib/gcc/nios2-elf/4.1.2/../../../../nios2-elf/lib/mno-hw-mul\libsmallc.a(lib_a-impure.o)
                0x000027c8                _impure_ptr
                0x000027cc                _global_impure_ptr
 .sdata         0x000027d0       0x14 ../app_NOVO1_bsp/\libhal_bsp.a(alt_dev.o)
                0x000027d0                alt_fs_list
                0x000027d8                alt_dev_list
                0x000027e0                alt_max_fd
 .sdata         0x000027e4        0x4 ../app_NOVO1_bsp/\libhal_bsp.a(alt_errno.o)
                0x000027e4                alt_errno
 *(.sdata2 .sdata2.* .gnu.linkonce.s2.*)
                0x000027e8                . = ALIGN (0x4)
                0x000027e8                _edata = ABSOLUTE (.)
                0x000027e8                PROVIDE (edata, ABSOLUTE (.))
                0x000027e8                PROVIDE (__ram_rwdata_end, ABSOLUTE (.))
                0x00002540                PROVIDE (__flash_rwdata_start, LOADADDR (.rwdata))

.bss            0x000027e8       0x10
                0x000027e8                __bss_start = ABSOLUTE (.)
                0x000027e8                PROVIDE (__sbss_start, ABSOLUTE (.))
                0x000027e8                PROVIDE (___sbss_start, ABSOLUTE (.))
 *(.dynsbss)
 *(.sbss .sbss.* .gnu.linkonce.sb.*)
 .sbss          0x000027e8        0x4 c:/altera/13.0sp1/nios2eds/bin/gnu/h-i686-mingw32/bin/../lib/gcc/nios2-elf/4.1.2/../../../../nios2-elf/lib/mno-hw-mul\libsmallc.a(lib_a-int_errno.o)
                0x000027e8                errno
 .sbss          0x000027ec        0xc ../app_NOVO1_bsp/\libhal_bsp.a(alt_main.o)
                0x000027ec                alt_argc
                0x000027f0                alt_argv
                0x000027f4                alt_envp
 *(.sbss2 .sbss2.* .gnu.linkonce.sb2.*)
 *(.scommon)
                0x000027f8                PROVIDE (__sbss_end, ABSOLUTE (.))
                0x000027f8                PROVIDE (___sbss_end, ABSOLUTE (.))
 *(.dynbss)
 *(.bss .bss.* .gnu.linkonce.b.*)
 .bss           0x000027f8        0x0 ../app_NOVO1_bsp//obj/HAL/src/crt0.o
 .bss           0x000027f8        0x0 obj/default/hello_world.o
 .bss           0x000027f8        0x0 c:/altera/13.0sp1/nios2eds/bin/gnu/h-i686-mingw32/bin/../lib/gcc/nios2-elf/4.1.2/../../../../nios2-elf/lib/mno-hw-mul\libsmallc.a(lib_a-puts.o)
 .bss           0x000027f8        0x0 c:/altera/13.0sp1/nios2eds/bin/gnu/h-i686-mingw32/bin/../lib/gcc/nios2-elf/4.1.2/../../../../nios2-elf/lib/mno-hw-mul\libsmallc.a(lib_a-strlen.o)
 .bss           0x000027f8        0x0 c:/altera/13.0sp1/nios2eds/bin/gnu/h-i686-mingw32/bin/../lib/gcc/nios2-elf/4.1.2/../../../../nios2-elf/lib/mno-hw-mul\libsmallc.a(lib_a-fvwrite_small_dev.o)
 .bss           0x000027f8        0x0 c:/altera/13.0sp1/nios2eds/bin/gnu/h-i686-mingw32/bin/../lib/gcc/nios2-elf/4.1.2/../../../../nios2-elf/lib/mno-hw-mul\libsmallc.a(lib_a-impure.o)
 .bss           0x000027f8        0x0 c:/altera/13.0sp1/nios2eds/bin/gnu/h-i686-mingw32/bin/../lib/gcc/nios2-elf/4.1.2/../../../../nios2-elf/lib/mno-hw-mul\libsmallc.a(lib_a-writer.o)
 .bss           0x000027f8        0x0 c:/altera/13.0sp1/nios2eds/bin/gnu/h-i686-mingw32/bin/../lib/gcc/nios2-elf/4.1.2/../../../../nios2-elf/lib/mno-hw-mul\libsmallc.a(lib_a-int_errno.o)
 .bss           0x000027f8        0x0 ../app_NOVO1_bsp/\libhal_bsp.a(alt_main.o)
 .bss           0x000027f8        0x0 ../app_NOVO1_bsp/\libhal_bsp.a(alt_write.o)
 .bss           0x000027f8        0x0 ../app_NOVO1_bsp/\libhal_bsp.a(alt_sys_init.o)
 .bss           0x000027f8        0x0 ../app_NOVO1_bsp/\libhal_bsp.a(alt_dev.o)
 .bss           0x000027f8        0x0 ../app_NOVO1_bsp/\libhal_bsp.a(alt_errno.o)
 .bss           0x000027f8        0x0 ../app_NOVO1_bsp/\libhal_bsp.a(altera_nios2_qsys_irq.o)
 .bss           0x000027f8        0x0 c:/altera/13.0sp1/nios2eds/bin/gnu/h-i686-mingw32/bin/../lib/gcc/nios2-elf/4.1.2/mno-hw-mul\libgcc.a(lib2-mul.o)
 *(COMMON)
                0x000027f8                . = ALIGN (0x4)
                0x000027f8                __bss_end = ABSOLUTE (.)

.memory         0x000027f8        0x0
                0x000027f8                PROVIDE (_alt_partition_memory_start, ABSOLUTE (.))
 *(.memory. memory.*)
                0x000027f8                . = ALIGN (0x4)
                0x000027f8                PROVIDE (_alt_partition_memory_end, ABSOLUTE (.))
                0x000027f8                _end = ABSOLUTE (.)
                0x000027f8                end = ABSOLUTE (.)
                0x000027f8                __alt_stack_base = ABSOLUTE (.)
                0x000027f8                PROVIDE (_alt_partition_memory_load_addr, LOADADDR (.memory))

.stab
 *(.stab)

.stabstr
 *(.stabstr)

.stab.excl
 *(.stab.excl)

.stab.exclstr
 *(.stab.exclstr)

.stab.index
 *(.stab.index)

.stab.indexstr
 *(.stab.indexstr)

.comment        0x00000000       0x26
 *(.comment)
 .comment       0x00000000       0x26 obj/default/hello_world.o
                                 0x27 (size before relaxing)
 .comment       0x00000000       0x27 c:/altera/13.0sp1/nios2eds/bin/gnu/h-i686-mingw32/bin/../lib/gcc/nios2-elf/4.1.2/../../../../nios2-elf/lib/mno-hw-mul\libsmallc.a(lib_a-puts.o)
 .comment       0x00000000       0x27 c:/altera/13.0sp1/nios2eds/bin/gnu/h-i686-mingw32/bin/../lib/gcc/nios2-elf/4.1.2/../../../../nios2-elf/lib/mno-hw-mul\libsmallc.a(lib_a-strlen.o)
 .comment       0x00000000       0x27 c:/altera/13.0sp1/nios2eds/bin/gnu/h-i686-mingw32/bin/../lib/gcc/nios2-elf/4.1.2/../../../../nios2-elf/lib/mno-hw-mul\libsmallc.a(lib_a-fvwrite_small_dev.o)
 .comment       0x00000000       0x27 c:/altera/13.0sp1/nios2eds/bin/gnu/h-i686-mingw32/bin/../lib/gcc/nios2-elf/4.1.2/../../../../nios2-elf/lib/mno-hw-mul\libsmallc.a(lib_a-impure.o)
 .comment       0x00000000       0x27 c:/altera/13.0sp1/nios2eds/bin/gnu/h-i686-mingw32/bin/../lib/gcc/nios2-elf/4.1.2/../../../../nios2-elf/lib/mno-hw-mul\libsmallc.a(lib_a-writer.o)
 .comment       0x00000000       0x27 c:/altera/13.0sp1/nios2eds/bin/gnu/h-i686-mingw32/bin/../lib/gcc/nios2-elf/4.1.2/../../../../nios2-elf/lib/mno-hw-mul\libsmallc.a(lib_a-int_errno.o)
 .comment       0x00000000       0x27 ../app_NOVO1_bsp/\libhal_bsp.a(alt_main.o)
 .comment       0x00000000       0x27 ../app_NOVO1_bsp/\libhal_bsp.a(alt_write.o)
 .comment       0x00000000       0x27 ../app_NOVO1_bsp/\libhal_bsp.a(alt_sys_init.o)
 .comment       0x00000000       0x27 ../app_NOVO1_bsp/\libhal_bsp.a(alt_dev.o)
 .comment       0x00000000       0x27 ../app_NOVO1_bsp/\libhal_bsp.a(alt_errno.o)
 .comment       0x00000000       0x27 ../app_NOVO1_bsp/\libhal_bsp.a(altera_nios2_qsys_irq.o)
 .comment       0x00000000       0x27 c:/altera/13.0sp1/nios2eds/bin/gnu/h-i686-mingw32/bin/../lib/gcc/nios2-elf/4.1.2/mno-hw-mul\libgcc.a(lib2-mul.o)

.debug
 *(.debug)

.line
 *(.line)

.debug_srcinfo
 *(.debug_srcinfo)

.debug_sfnames
 *(.debug_sfnames)

.debug_aranges  0x00000000      0x180
 *(.debug_aranges)
 .debug_aranges
                0x00000000       0x20 ../app_NOVO1_bsp//obj/HAL/src/crt0.o
 .debug_aranges
                0x00000020       0x20 obj/default/hello_world.o
 .debug_aranges
                0x00000040       0x20 c:/altera/13.0sp1/nios2eds/bin/gnu/h-i686-mingw32/bin/../lib/gcc/nios2-elf/4.1.2/../../../../nios2-elf/lib/mno-hw-mul\libsmallc.a(lib_a-puts.o)
 .debug_aranges
                0x00000060       0x20 c:/altera/13.0sp1/nios2eds/bin/gnu/h-i686-mingw32/bin/../lib/gcc/nios2-elf/4.1.2/../../../../nios2-elf/lib/mno-hw-mul\libsmallc.a(lib_a-strlen.o)
 .debug_aranges
                0x00000080       0x20 c:/altera/13.0sp1/nios2eds/bin/gnu/h-i686-mingw32/bin/../lib/gcc/nios2-elf/4.1.2/../../../../nios2-elf/lib/mno-hw-mul\libsmallc.a(lib_a-fvwrite_small_dev.o)
 .debug_aranges
                0x000000a0       0x20 c:/altera/13.0sp1/nios2eds/bin/gnu/h-i686-mingw32/bin/../lib/gcc/nios2-elf/4.1.2/../../../../nios2-elf/lib/mno-hw-mul\libsmallc.a(lib_a-writer.o)
 .debug_aranges
                0x000000c0       0x20 ../app_NOVO1_bsp/\libhal_bsp.a(alt_main.o)
 .debug_aranges
                0x000000e0       0x20 ../app_NOVO1_bsp/\libhal_bsp.a(alt_write.o)
 .debug_aranges
                0x00000100       0x20 ../app_NOVO1_bsp/\libhal_bsp.a(alt_sys_init.o)
 .debug_aranges
                0x00000120       0x20 ../app_NOVO1_bsp/\libhal_bsp.a(alt_dev.o)
 .debug_aranges
                0x00000140       0x20 ../app_NOVO1_bsp/\libhal_bsp.a(altera_nios2_qsys_irq.o)
 .debug_aranges
                0x00000160       0x20 c:/altera/13.0sp1/nios2eds/bin/gnu/h-i686-mingw32/bin/../lib/gcc/nios2-elf/4.1.2/mno-hw-mul\libgcc.a(lib2-mul.o)

.debug_pubnames
                0x00000000      0x267
 *(.debug_pubnames)
 .debug_pubnames
                0x00000000       0x1b obj/default/hello_world.o
 .debug_pubnames
                0x0000001b       0x27 c:/altera/13.0sp1/nios2eds/bin/gnu/h-i686-mingw32/bin/../lib/gcc/nios2-elf/4.1.2/../../../../nios2-elf/lib/mno-hw-mul\libsmallc.a(lib_a-puts.o)
 .debug_pubnames
                0x00000042       0x1d c:/altera/13.0sp1/nios2eds/bin/gnu/h-i686-mingw32/bin/../lib/gcc/nios2-elf/4.1.2/../../../../nios2-elf/lib/mno-hw-mul\libsmallc.a(lib_a-strlen.o)
 .debug_pubnames
                0x0000005f       0x2b c:/altera/13.0sp1/nios2eds/bin/gnu/h-i686-mingw32/bin/../lib/gcc/nios2-elf/4.1.2/../../../../nios2-elf/lib/mno-hw-mul\libsmallc.a(lib_a-fvwrite_small_dev.o)
 .debug_pubnames
                0x0000008a       0x39 c:/altera/13.0sp1/nios2eds/bin/gnu/h-i686-mingw32/bin/../lib/gcc/nios2-elf/4.1.2/../../../../nios2-elf/lib/mno-hw-mul\libsmallc.a(lib_a-impure.o)
 .debug_pubnames
                0x000000c3       0x1f c:/altera/13.0sp1/nios2eds/bin/gnu/h-i686-mingw32/bin/../lib/gcc/nios2-elf/4.1.2/../../../../nios2-elf/lib/mno-hw-mul\libsmallc.a(lib_a-writer.o)
 .debug_pubnames
                0x000000e2       0x1c c:/altera/13.0sp1/nios2eds/bin/gnu/h-i686-mingw32/bin/../lib/gcc/nios2-elf/4.1.2/../../../../nios2-elf/lib/mno-hw-mul\libsmallc.a(lib_a-int_errno.o)
 .debug_pubnames
                0x000000fe       0x46 ../app_NOVO1_bsp/\libhal_bsp.a(alt_main.o)
 .debug_pubnames
                0x00000144       0x1c ../app_NOVO1_bsp/\libhal_bsp.a(alt_write.o)
 .debug_pubnames
                0x00000160       0x34 ../app_NOVO1_bsp/\libhal_bsp.a(alt_sys_init.o)
 .debug_pubnames
                0x00000194       0x63 ../app_NOVO1_bsp/\libhal_bsp.a(alt_dev.o)
 .debug_pubnames
                0x000001f7       0x20 ../app_NOVO1_bsp/\libhal_bsp.a(alt_errno.o)
 .debug_pubnames
                0x00000217       0x31 ../app_NOVO1_bsp/\libhal_bsp.a(altera_nios2_qsys_irq.o)
 .debug_pubnames
                0x00000248       0x1f c:/altera/13.0sp1/nios2eds/bin/gnu/h-i686-mingw32/bin/../lib/gcc/nios2-elf/4.1.2/mno-hw-mul\libgcc.a(lib2-mul.o)

.debug_info     0x00000000     0x3122
 *(.debug_info .gnu.linkonce.wi.*)
 .debug_info    0x00000000       0x5c ../app_NOVO1_bsp//obj/HAL/src/crt0.o
 .debug_info    0x0000005c      0x117 obj/default/hello_world.o
 .debug_info    0x00000173      0x685 c:/altera/13.0sp1/nios2eds/bin/gnu/h-i686-mingw32/bin/../lib/gcc/nios2-elf/4.1.2/../../../../nios2-elf/lib/mno-hw-mul\libsmallc.a(lib_a-puts.o)
 .debug_info    0x000007f8       0xc2 c:/altera/13.0sp1/nios2eds/bin/gnu/h-i686-mingw32/bin/../lib/gcc/nios2-elf/4.1.2/../../../../nios2-elf/lib/mno-hw-mul\libsmallc.a(lib_a-strlen.o)
 .debug_info    0x000008ba      0x68e c:/altera/13.0sp1/nios2eds/bin/gnu/h-i686-mingw32/bin/../lib/gcc/nios2-elf/4.1.2/../../../../nios2-elf/lib/mno-hw-mul\libsmallc.a(lib_a-fvwrite_small_dev.o)
 .debug_info    0x00000f48      0x636 c:/altera/13.0sp1/nios2eds/bin/gnu/h-i686-mingw32/bin/../lib/gcc/nios2-elf/4.1.2/../../../../nios2-elf/lib/mno-hw-mul\libsmallc.a(lib_a-impure.o)
 .debug_info    0x0000157e      0x68c c:/altera/13.0sp1/nios2eds/bin/gnu/h-i686-mingw32/bin/../lib/gcc/nios2-elf/4.1.2/../../../../nios2-elf/lib/mno-hw-mul\libsmallc.a(lib_a-writer.o)
 .debug_info    0x00001c0a       0x8c c:/altera/13.0sp1/nios2eds/bin/gnu/h-i686-mingw32/bin/../lib/gcc/nios2-elf/4.1.2/../../../../nios2-elf/lib/mno-hw-mul\libsmallc.a(lib_a-int_errno.o)
 .debug_info    0x00001c96      0x233 ../app_NOVO1_bsp/\libhal_bsp.a(alt_main.o)
 .debug_info    0x00001ec9      0x670 ../app_NOVO1_bsp/\libhal_bsp.a(alt_write.o)
 .debug_info    0x00002539      0x1d2 ../app_NOVO1_bsp/\libhal_bsp.a(alt_sys_init.o)
 .debug_info    0x0000270b      0x65c ../app_NOVO1_bsp/\libhal_bsp.a(alt_dev.o)
 .debug_info    0x00002d67      0x141 ../app_NOVO1_bsp/\libhal_bsp.a(alt_errno.o)
 .debug_info    0x00002ea8      0x187 ../app_NOVO1_bsp/\libhal_bsp.a(altera_nios2_qsys_irq.o)
 .debug_info    0x0000302f       0xf3 c:/altera/13.0sp1/nios2eds/bin/gnu/h-i686-mingw32/bin/../lib/gcc/nios2-elf/4.1.2/mno-hw-mul\libgcc.a(lib2-mul.o)

.debug_abbrev   0x00000000      0xb11
 *(.debug_abbrev)
 .debug_abbrev  0x00000000       0x14 ../app_NOVO1_bsp//obj/HAL/src/crt0.o
 .debug_abbrev  0x00000014       0x3f obj/default/hello_world.o
 .debug_abbrev  0x00000053      0x180 c:/altera/13.0sp1/nios2eds/bin/gnu/h-i686-mingw32/bin/../lib/gcc/nios2-elf/4.1.2/../../../../nios2-elf/lib/mno-hw-mul\libsmallc.a(lib_a-puts.o)
 .debug_abbrev  0x000001d3       0x7a c:/altera/13.0sp1/nios2eds/bin/gnu/h-i686-mingw32/bin/../lib/gcc/nios2-elf/4.1.2/../../../../nios2-elf/lib/mno-hw-mul\libsmallc.a(lib_a-strlen.o)
 .debug_abbrev  0x0000024d      0x179 c:/altera/13.0sp1/nios2eds/bin/gnu/h-i686-mingw32/bin/../lib/gcc/nios2-elf/4.1.2/../../../../nios2-elf/lib/mno-hw-mul\libsmallc.a(lib_a-fvwrite_small_dev.o)
 .debug_abbrev  0x000003c6      0x13f c:/altera/13.0sp1/nios2eds/bin/gnu/h-i686-mingw32/bin/../lib/gcc/nios2-elf/4.1.2/../../../../nios2-elf/lib/mno-hw-mul\libsmallc.a(lib_a-impure.o)
 .debug_abbrev  0x00000505      0x16c c:/altera/13.0sp1/nios2eds/bin/gnu/h-i686-mingw32/bin/../lib/gcc/nios2-elf/4.1.2/../../../../nios2-elf/lib/mno-hw-mul\libsmallc.a(lib_a-writer.o)
 .debug_abbrev  0x00000671       0x3b c:/altera/13.0sp1/nios2eds/bin/gnu/h-i686-mingw32/bin/../lib/gcc/nios2-elf/4.1.2/../../../../nios2-elf/lib/mno-hw-mul\libsmallc.a(lib_a-int_errno.o)
 .debug_abbrev  0x000006ac       0xad ../app_NOVO1_bsp/\libhal_bsp.a(alt_main.o)
 .debug_abbrev  0x00000759      0x100 ../app_NOVO1_bsp/\libhal_bsp.a(alt_write.o)
 .debug_abbrev  0x00000859       0xb4 ../app_NOVO1_bsp/\libhal_bsp.a(alt_sys_init.o)
 .debug_abbrev  0x0000090d       0xc7 ../app_NOVO1_bsp/\libhal_bsp.a(alt_dev.o)
 .debug_abbrev  0x000009d4       0x5e ../app_NOVO1_bsp/\libhal_bsp.a(alt_errno.o)
 .debug_abbrev  0x00000a32       0x64 ../app_NOVO1_bsp/\libhal_bsp.a(altera_nios2_qsys_irq.o)
 .debug_abbrev  0x00000a96       0x7b c:/altera/13.0sp1/nios2eds/bin/gnu/h-i686-mingw32/bin/../lib/gcc/nios2-elf/4.1.2/mno-hw-mul\libgcc.a(lib2-mul.o)

.debug_line     0x00000000     0x1ef0
 *(.debug_line)
 .debug_line    0x00000000       0x51 ../app_NOVO1_bsp//obj/HAL/src/crt0.o
 .debug_line    0x00000051      0x1ca obj/default/hello_world.o
 .debug_line    0x0000021b      0x2b2 c:/altera/13.0sp1/nios2eds/bin/gnu/h-i686-mingw32/bin/../lib/gcc/nios2-elf/4.1.2/../../../../nios2-elf/lib/mno-hw-mul\libsmallc.a(lib_a-puts.o)
 .debug_line    0x000004cd      0x250 c:/altera/13.0sp1/nios2eds/bin/gnu/h-i686-mingw32/bin/../lib/gcc/nios2-elf/4.1.2/../../../../nios2-elf/lib/mno-hw-mul\libsmallc.a(lib_a-strlen.o)
 .debug_line    0x0000071d      0x2a9 c:/altera/13.0sp1/nios2eds/bin/gnu/h-i686-mingw32/bin/../lib/gcc/nios2-elf/4.1.2/../../../../nios2-elf/lib/mno-hw-mul\libsmallc.a(lib_a-fvwrite_small_dev.o)
 .debug_line    0x000009c6      0x230 c:/altera/13.0sp1/nios2eds/bin/gnu/h-i686-mingw32/bin/../lib/gcc/nios2-elf/4.1.2/../../../../nios2-elf/lib/mno-hw-mul\libsmallc.a(lib_a-impure.o)
 .debug_line    0x00000bf6      0x29d c:/altera/13.0sp1/nios2eds/bin/gnu/h-i686-mingw32/bin/../lib/gcc/nios2-elf/4.1.2/../../../../nios2-elf/lib/mno-hw-mul\libsmallc.a(lib_a-writer.o)
 .debug_line    0x00000e93      0x1e2 c:/altera/13.0sp1/nios2eds/bin/gnu/h-i686-mingw32/bin/../lib/gcc/nios2-elf/4.1.2/../../../../nios2-elf/lib/mno-hw-mul\libsmallc.a(lib_a-int_errno.o)
 .debug_line    0x00001075      0x2be ../app_NOVO1_bsp/\libhal_bsp.a(alt_main.o)
 .debug_line    0x00001333      0x2c9 ../app_NOVO1_bsp/\libhal_bsp.a(alt_write.o)
 .debug_line    0x000015fc      0x1f5 ../app_NOVO1_bsp/\libhal_bsp.a(alt_sys_init.o)
 .debug_line    0x000017f1      0x254 ../app_NOVO1_bsp/\libhal_bsp.a(alt_dev.o)
 .debug_line    0x00001a45      0x1aa ../app_NOVO1_bsp/\libhal_bsp.a(alt_errno.o)
 .debug_line    0x00001bef      0x1e7 ../app_NOVO1_bsp/\libhal_bsp.a(altera_nios2_qsys_irq.o)
 .debug_line    0x00001dd6      0x11a c:/altera/13.0sp1/nios2eds/bin/gnu/h-i686-mingw32/bin/../lib/gcc/nios2-elf/4.1.2/mno-hw-mul\libgcc.a(lib2-mul.o)

.debug_frame    0x00000000      0x218
 *(.debug_frame)
 .debug_frame   0x00000000       0x2c obj/default/hello_world.o
 .debug_frame   0x0000002c       0x3c c:/altera/13.0sp1/nios2eds/bin/gnu/h-i686-mingw32/bin/../lib/gcc/nios2-elf/4.1.2/../../../../nios2-elf/lib/mno-hw-mul\libsmallc.a(lib_a-puts.o)
 .debug_frame   0x00000068       0x20 c:/altera/13.0sp1/nios2eds/bin/gnu/h-i686-mingw32/bin/../lib/gcc/nios2-elf/4.1.2/../../../../nios2-elf/lib/mno-hw-mul\libsmallc.a(lib_a-strlen.o)
 .debug_frame   0x00000088       0x30 c:/altera/13.0sp1/nios2eds/bin/gnu/h-i686-mingw32/bin/../lib/gcc/nios2-elf/4.1.2/../../../../nios2-elf/lib/mno-hw-mul\libsmallc.a(lib_a-fvwrite_small_dev.o)
 .debug_frame   0x000000b8       0x2c c:/altera/13.0sp1/nios2eds/bin/gnu/h-i686-mingw32/bin/../lib/gcc/nios2-elf/4.1.2/../../../../nios2-elf/lib/mno-hw-mul\libsmallc.a(lib_a-writer.o)
 .debug_frame   0x000000e4       0x2c ../app_NOVO1_bsp/\libhal_bsp.a(alt_main.o)
 .debug_frame   0x00000110       0x48 ../app_NOVO1_bsp/\libhal_bsp.a(alt_write.o)
 .debug_frame   0x00000158       0x48 ../app_NOVO1_bsp/\libhal_bsp.a(alt_sys_init.o)
 .debug_frame   0x000001a0       0x2c ../app_NOVO1_bsp/\libhal_bsp.a(alt_dev.o)
 .debug_frame   0x000001cc       0x2c ../app_NOVO1_bsp/\libhal_bsp.a(altera_nios2_qsys_irq.o)
 .debug_frame   0x000001f8       0x20 c:/altera/13.0sp1/nios2eds/bin/gnu/h-i686-mingw32/bin/../lib/gcc/nios2-elf/4.1.2/mno-hw-mul\libgcc.a(lib2-mul.o)

.debug_str      0x00000000      0x81a
 *(.debug_str)
 .debug_str     0x00000000       0x12 obj/default/hello_world.o
 .debug_str     0x00000012      0x3f1 c:/altera/13.0sp1/nios2eds/bin/gnu/h-i686-mingw32/bin/../lib/gcc/nios2-elf/4.1.2/../../../../nios2-elf/lib/mno-hw-mul\libsmallc.a(lib_a-puts.o)
                                0x450 (size before relaxing)
 .debug_str     0x00000403       0xe8 c:/altera/13.0sp1/nios2eds/bin/gnu/h-i686-mingw32/bin/../lib/gcc/nios2-elf/4.1.2/../../../../nios2-elf/lib/mno-hw-mul\libsmallc.a(lib_a-strlen.o)
                                0x184 (size before relaxing)
 .debug_str     0x000004eb       0x70 c:/altera/13.0sp1/nios2eds/bin/gnu/h-i686-mingw32/bin/../lib/gcc/nios2-elf/4.1.2/../../../../nios2-elf/lib/mno-hw-mul\libsmallc.a(lib_a-fvwrite_small_dev.o)
                                0x46a (size before relaxing)
 .debug_str     0x0000055b       0xf8 c:/altera/13.0sp1/nios2eds/bin/gnu/h-i686-mingw32/bin/../lib/gcc/nios2-elf/4.1.2/../../../../nios2-elf/lib/mno-hw-mul\libsmallc.a(lib_a-impure.o)
                                0x45d (size before relaxing)
 .debug_str     0x00000653       0x4f c:/altera/13.0sp1/nios2eds/bin/gnu/h-i686-mingw32/bin/../lib/gcc/nios2-elf/4.1.2/../../../../nios2-elf/lib/mno-hw-mul\libsmallc.a(lib_a-writer.o)
                                0x451 (size before relaxing)
 .debug_str     0x000006a2       0x40 c:/altera/13.0sp1/nios2eds/bin/gnu/h-i686-mingw32/bin/../lib/gcc/nios2-elf/4.1.2/../../../../nios2-elf/lib/mno-hw-mul\libsmallc.a(lib_a-int_errno.o)
                                0x177 (size before relaxing)
 .debug_str     0x000006e2       0x12 ../app_NOVO1_bsp/\libhal_bsp.a(alt_main.o)
 .debug_str     0x000006f4       0x12 ../app_NOVO1_bsp/\libhal_bsp.a(alt_write.o)
 .debug_str     0x00000706       0x12 ../app_NOVO1_bsp/\libhal_bsp.a(alt_sys_init.o)
 .debug_str     0x00000718       0x12 ../app_NOVO1_bsp/\libhal_bsp.a(alt_dev.o)
 .debug_str     0x0000072a       0x12 ../app_NOVO1_bsp/\libhal_bsp.a(alt_errno.o)
 .debug_str     0x0000073c       0x12 ../app_NOVO1_bsp/\libhal_bsp.a(altera_nios2_qsys_irq.o)
 .debug_str     0x0000074e       0xcc c:/altera/13.0sp1/nios2eds/bin/gnu/h-i686-mingw32/bin/../lib/gcc/nios2-elf/4.1.2/mno-hw-mul\libgcc.a(lib2-mul.o)
                                0x175 (size before relaxing)

.debug_loc      0x00000000      0x460
 *(.debug_loc)
 .debug_loc     0x00000000       0x2b obj/default/hello_world.o
 .debug_loc     0x0000002b       0xa2 c:/altera/13.0sp1/nios2eds/bin/gnu/h-i686-mingw32/bin/../lib/gcc/nios2-elf/4.1.2/../../../../nios2-elf/lib/mno-hw-mul\libsmallc.a(lib_a-puts.o)
 .debug_loc     0x000000cd       0x1e c:/altera/13.0sp1/nios2eds/bin/gnu/h-i686-mingw32/bin/../lib/gcc/nios2-elf/4.1.2/../../../../nios2-elf/lib/mno-hw-mul\libsmallc.a(lib_a-strlen.o)
 .debug_loc     0x000000eb      0x162 c:/altera/13.0sp1/nios2eds/bin/gnu/h-i686-mingw32/bin/../lib/gcc/nios2-elf/4.1.2/../../../../nios2-elf/lib/mno-hw-mul\libsmallc.a(lib_a-fvwrite_small_dev.o)
 .debug_loc     0x0000024d       0x97 c:/altera/13.0sp1/nios2eds/bin/gnu/h-i686-mingw32/bin/../lib/gcc/nios2-elf/4.1.2/../../../../nios2-elf/lib/mno-hw-mul\libsmallc.a(lib_a-writer.o)
 .debug_loc     0x000002e4       0x2b ../app_NOVO1_bsp/\libhal_bsp.a(alt_main.o)
 .debug_loc     0x0000030f       0x56 ../app_NOVO1_bsp/\libhal_bsp.a(alt_write.o)
 .debug_loc     0x00000365       0x56 ../app_NOVO1_bsp/\libhal_bsp.a(alt_sys_init.o)
 .debug_loc     0x000003bb       0x2b ../app_NOVO1_bsp/\libhal_bsp.a(alt_dev.o)
 .debug_loc     0x000003e6       0x2b ../app_NOVO1_bsp/\libhal_bsp.a(altera_nios2_qsys_irq.o)
 .debug_loc     0x00000411       0x4f c:/altera/13.0sp1/nios2eds/bin/gnu/h-i686-mingw32/bin/../lib/gcc/nios2-elf/4.1.2/mno-hw-mul\libgcc.a(lib2-mul.o)

.debug_macinfo
 *(.debug_macinfo)

.debug_weaknames
 *(.debug_weaknames)

.debug_funcnames
 *(.debug_funcnames)

.debug_typenames
 *(.debug_typenames)

.debug_varnames
 *(.debug_varnames)

.debug_alt_sim_info
                0x00000000       0x10
 *(.debug_alt_sim_info)
 .debug_alt_sim_info
                0x00000000       0x10 ../app_NOVO1_bsp//obj/HAL/src/crt0.o
                0x00004000                __alt_data_end = 0x4000
                0x00004000                PROVIDE (__alt_stack_pointer, __alt_data_end)
                0x000027f8                PROVIDE (__alt_stack_limit, __alt_stack_base)
                0x000027f8                PROVIDE (__alt_heap_start, end)
                0x00004000                PROVIDE (__alt_heap_limit, 0x4000)
OUTPUT(app_NOVO1.elf elf32-littlenios2)
